--- SIMULACI├ôN REQUERIDA POR USUARIO ---
Placa: PCD1825
A├▒o Actual Simulado: 2023

RESULTADO DEL DESGLOSE (SIMULADO 2023):
{
    "desglose": [
        {
            "anio": 2023,
            "subtotal_matricula": 138.07,
            "rodaje": 13.81,
            "anios_atraso": 0,
            "mora": 0,
            "valor": 13.81
        },
        {
            "anio": 2022,
            "subtotal_matricula": 117.43,
            "rodaje": 11.74,
            "anios_atraso": 1,
            "mora": 1.17,
            "valor": 12.91
        }
    ],
    "total_rodaje": 25.55,
    "total_mora": 1.17,
    "total_a_pagar": 26.72
}
